EN minutos NULL C:/Users/darko/OneDrive/Documentos/VH/timer/minutos.vhd sub00/vhpl03 1539791448
AR main behavioral C:/Users/darko/OneDrive/Documentos/VH/timer/main.vhd sub00/vhpl08 1539791451
EN main NULL C:/Users/darko/OneDrive/Documentos/VH/timer/main.vhd sub00/vhpl05 1539791450
EN divisor NULL C:/Users/darko/OneDrive/Documentos/VH/timer/divisor.vhd sub00/vhpl06 1539791444
AR divisor behavioral C:/Users/darko/OneDrive/Documentos/VH/timer/divisor.vhd sub00/vhpl07 1539791445
EN contseg NULL C:/Users/darko/OneDrive/Documentos/VH/timer/contseg.vhd sub00/vhpl00 1539791446
AR contseg behavioral C:/Users/darko/OneDrive/Documentos/VH/timer/contseg.vhd sub00/vhpl01 1539791447
AR minutos behavioral C:/Users/darko/OneDrive/Documentos/VH/timer/minutos.vhd sub00/vhpl04 1539791449
EN contmin NULL C:/Users/darko/OneDrive/Documentos/VH/timer/contmin.vhd sub00/vhpl02 1539788447
