AR main behavioral C:/Users/darko/OneDrive/Documentos/VH/div_tarea/main.vhd sub00/vhpl01 1539622282
AR cod behavioral C:/Users/darko/OneDrive/Documentos/VH/practica1/cod.vhd sub00/vhpl07 1539622286
EN cod NULL C:/Users/darko/OneDrive/Documentos/VH/practica1/cod.vhd sub00/vhpl06 1539622285
EN main_cont NULL C:/Users/darko/OneDrive/Documentos/VH/contador/main_cont.vhd sub00/vhpl02 1539622283
EN main NULL C:/Users/darko/OneDrive/Documentos/VH/div_tarea/main.vhd sub00/vhpl00 1539622281
AR maincontdiv behavioral C:/Users/darko/OneDrive/Documentos/VH/contdiv/maincontdiv.vhd sub00/vhpl05 1539622288
EN maincontdiv NULL C:/Users/darko/OneDrive/Documentos/VH/contdiv/maincontdiv.vhd sub00/vhpl04 1539622287
AR main_cont behavioral C:/Users/darko/OneDrive/Documentos/VH/contador/main_cont.vhd sub00/vhpl03 1539622284
