18:28:54 **** Incremental Build of configuration Debug for project TEST ****
make pre-build main-build 
a9-linaro-pre-build-step
 
make: Nothing to be done for 'main-build'.
18:29:28 **** Auto Build of configuration Debug for project TEST ****
make pre-build main-build 
a9-linaro-pre-build-step
 
make: Nothing to be done for 'main-build'.
18:31:25 **** Auto Build of configuration Debug for project bootloader ****
make pre-build main-build 
a9-linaro-pre-build-step
 
Building file: ../src/fsbl_hooks.c
Invoking: ARM v7 gcc compiler
arm-none-eabi-gcc -Wall -O0 -g3 -I"/home/daniel/Documents/VHDL/zynqrtos/zynqrtos.sdk/design_1_wrapper_hw_platform_0" -c -fmessage-length=0 -MT"src/fsbl_hooks.o" -mcpu=cortex-a9 -mfpu=vfpv3 -mfloat-abi=hard -I../../bootloader_bsp/ps7_cortexa9_0/include -MMD -MP -MF"src/fsbl_hooks.d" -MT"src/fsbl_hooks.o" -o "src/fsbl_hooks.o" "../src/fsbl_hooks.c"
In file included from ../src/fsbl_hooks.c:50:0:
../src/fsbl.h:320:10: fatal error: xil_io.h: No such file or directory
 #include "xil_io.h"
          ^~~~~~~~~~
src/subdir.mk:65: recipe for target 'src/fsbl_hooks.o' failed
compilation terminated.
make: *** [src/fsbl_hooks.o] Error 1
18:36:44 **** Build of configuration Debug for project testsds ****
make all 
Building file: ../src/helloworld.c
Invoking: ARM v7 Linux gcc compiler
arm-linux-gnueabihf-gcc -Wall -O0 -g3 -c -fmessage-length=0 -MT"src/helloworld.o" -MMD -MP -MF"src/helloworld.d" -MT"src/helloworld.o" -o "src/helloworld.o" "../src/helloworld.c"
Finished building: ../src/helloworld.c
 
Building target: testsds.elf
Invoking: ARM v7 Linux gcc linker
arm-linux-gnueabihf-gcc  -o "testsds.elf"  ./src/helloworld.o   
Finished building target: testsds.elf
 
Invoking: ARM v7 Linux Print Size
arm-linux-gnueabihf-size testsds.elf  |tee "testsds.elf.size"
   text	   data	    bss	    dec	    hex	filename
    852	    280	      4	   1136	    470	testsds.elf
Finished building: testsds.elf.size
 
10:54:33 **** Build of configuration Debug for project testt ****
make pre-build main-build 
a9-linaro-pre-build-step
 
Building file: ../src/freertos_hello_world.c
Invoking: ARM v7 gcc compiler
arm-none-eabi-gcc -Wall -O0 -g3 -c -fmessage-length=0 -MT"src/freertos_hello_world.o" -mcpu=cortex-a9 -mfpu=vfpv3 -mfloat-abi=hard -I../../freertos10_xilinx_bsp_0/ps7_cortexa9_0/include -MMD -MP -MF"src/freertos_hello_world.d" -MT"src/freertos_hello_world.o" -o "src/freertos_hello_world.o" "../src/freertos_hello_world.c"
Finished building: ../src/freertos_hello_world.c
 
Building target: testt.elf
Invoking: ARM v7 gcc linker
arm-none-eabi-gcc -mcpu=cortex-a9 -mfpu=vfpv3 -mfloat-abi=hard -Wl,-build-id=none -specs=Xilinx.spec -Wl,-T -Wl,../src/lscript.ld -L../../freertos10_xilinx_bsp_0/ps7_cortexa9_0/lib -o "testt.elf"  ./src/freertos_hello_world.o   -Wl,--start-group,-lxil,-lfreertos,-lgcc,-lc,--end-group -Wl,--start-group,-lxilffs,-lxil,-lgcc,-lc,--end-group
Finished building target: testt.elf
 
Invoking: ARM v7 Print Size
arm-none-eabi-size testt.elf  |tee "testt.elf.size"
   text	   data	    bss	    dec	    hex	filename
  89624	   3380	  89424	 182428	  2c89c	testt.elf
Finished building: testt.elf.size
 
