AR main behavioral C:/Users/darko/OneDrive/Documentos/VH/pwm1/main.vhd sub00/vhpl05 1542038200
EN mainout NULL C:/Users/darko/OneDrive/Documentos/VH/pwm1/mainout.vhd sub00/vhpl00 1542038197
EN main NULL C:/Users/darko/OneDrive/Documentos/VH/pwm1/main.vhd sub00/vhpl04 1542038199
AR comp behavioral C:/Users/darko/OneDrive/Documentos/VH/pwm1/comp.vhd sub00/vhpl03 1542069382
AR mainout behavioral C:/Users/darko/OneDrive/Documentos/VH/pwm1/mainout.vhd sub00/vhpl01 1542038198
EN comp NULL C:/Users/darko/OneDrive/Documentos/VH/pwm1/comp.vhd sub00/vhpl02 1542069381
