12:53:43 **** Incremental Build of configuration Debug for project gpiotest_xgpiops_intr_example_1 ****
make pre-build main-build 
a9-linaro-pre-build-step
 
Building file: ../src/xgpiops_intr_example.c
Invoking: ARM v7 gcc compiler
arm-none-eabi-gcc -Wall -O0 -g3 -c -fmessage-length=0 -MT"src/xgpiops_intr_example.o" -mcpu=cortex-a9 -mfpu=vfpv3 -mfloat-abi=hard -I../../gpiotest/ps7_cortexa9_0/include -MMD -MP -MF"src/xgpiops_intr_example.d" -MT"src/xgpiops_intr_example.o" -o "src/xgpiops_intr_example.o" "../src/xgpiops_intr_example.c"
Finished building: ../src/xgpiops_intr_example.c
 
Building target: gpiotest_xgpiops_intr_example_1.elf
Invoking: ARM v7 gcc linker
arm-none-eabi-gcc -mcpu=cortex-a9 -mfpu=vfpv3 -mfloat-abi=hard -Wl,-build-id=none -specs=Xilinx.spec -Wl,-T -Wl,../src/lscript.ld -L../../gpiotest/ps7_cortexa9_0/lib -o "gpiotest_xgpiops_intr_example_1.elf"  ./src/xgpiops_intr_example.o   -Wl,--start-group,-lxil,-lgcc,-lc,--end-group -Wl,--start-group,-lxilffs,-lxil,-lgcc,-lc,--end-group
Finished building target: gpiotest_xgpiops_intr_example_1.elf
 
Invoking: ARM v7 Print Size
arm-none-eabi-size gpiotest_xgpiops_intr_example_1.elf  |tee "gpiotest_xgpiops_intr_example_1.elf.size"
   text	   data	    bss	    dec	    hex	filename
  33468	   1928	  22648	  58044	   e2bc	gpiotest_xgpiops_intr_example_1.elf
Finished building: gpiotest_xgpiops_intr_example_1.elf.size
 

12:53:44 Build Finished (took 513ms)

