EN minutos NULL C:/Users/darko/OneDrive/Documentos/VH/timeren/minutos.vhd sub00/vhpl03 1541834267
AR main behavioral C:/Users/darko/OneDrive/Documentos/VH/timeren/main.vhd sub00/vhpl08 1541834272
EN main NULL C:/Users/darko/OneDrive/Documentos/VH/timeren/main.vhd sub00/vhpl05 1541834271
AR horas behavioral C:/Users/darko/OneDrive/Documentos/VH/timeren/horas.vhd sub00/vhpl10 1541834270
EN divisor NULL C:/Users/darko/OneDrive/Documentos/VH/timeren/divisor.vhd sub00/vhpl06 1541834263
AR divisor behavioral C:/Users/darko/OneDrive/Documentos/VH/timeren/divisor.vhd sub00/vhpl07 1541834264
EN horas NULL C:/Users/darko/OneDrive/Documentos/VH/timeren/horas.vhd sub00/vhpl09 1541834269
EN contseg NULL C:/Users/darko/OneDrive/Documentos/VH/timeren/contseg.vhd sub00/vhpl00 1541834265
AR contseg behavioral C:/Users/darko/OneDrive/Documentos/VH/timeren/contseg.vhd sub00/vhpl01 1541834266
AR minutos behavioral C:/Users/darko/OneDrive/Documentos/VH/timeren/minutos.vhd sub00/vhpl04 1541834268
EN contmin NULL C:/Users/darko/OneDrive/Documentos/VH/timer/contmin.vhd sub00/vhpl02 1539788447
