01:16:51 **** Build of configuration Debug for project gpiobsp_xuartps_polled_example_1 ****
make pre-build main-build 
a9-linaro-pre-build-step
 
Building file: ../src/xuartps_polled_example.c
Invoking: ARM v7 gcc compiler
arm-none-eabi-gcc -Wall -O0 -g3 -c -fmessage-length=0 -MT"src/xuartps_polled_example.o" -mcpu=cortex-a9 -mfpu=vfpv3 -mfloat-abi=hard -I../../gpiobsp/ps7_cortexa9_0/include -MMD -MP -MF"src/xuartps_polled_example.d" -MT"src/xuartps_polled_example.o" -o "src/xuartps_polled_example.o" "../src/xuartps_polled_example.c"
Finished building: ../src/xuartps_polled_example.c
 
Building target: gpiobsp_xuartps_polled_example_1.elf
Invoking: ARM v7 gcc linker
arm-none-eabi-gcc -mcpu=cortex-a9 -mfpu=vfpv3 -mfloat-abi=hard -Wl,-build-id=none -specs=Xilinx.spec -Wl,-T -Wl,../src/lscript.ld -L../../gpiobsp/ps7_cortexa9_0/lib -o "gpiobsp_xuartps_polled_example_1.elf"  ./src/xuartps_polled_example.o   -Wl,--start-group,-lxil,-lgcc,-lc,--end-group -Wl,--start-group,-lxilffs,-lxil,-lgcc,-lc,--end-group -Wl,--start-group,-lxil,-lmetal,-lopen_amp,-lgcc,-lc,--end-group -Wl,--start-group,-lxil,-lmetal,-lgcc,-lc,--end-group
Finished building target: gpiobsp_xuartps_polled_example_1.elf
 
Invoking: ARM v7 Print Size
arm-none-eabi-size gpiobsp_xuartps_polled_example_1.elf  |tee "gpiobsp_xuartps_polled_example_1.elf.size"
   text	   data	    bss	    dec	    hex	filename
  27048	   1200	  22744	  50992	   c730	gpiobsp_xuartps_polled_example_1.elf
Finished building: gpiobsp_xuartps_polled_example_1.elf.size
 

01:16:51 Build Finished (took 410ms)

