15:37:42 **** Build of configuration Debug for project sxa ****
make all 
Building file: ../src/helloworld.c
Invoking: ARM v7 Linux gcc compiler
arm-linux-gnueabihf-gcc -Wall -O0 -g3 -c -fmessage-length=0 -MT"src/helloworld.o" -MMD -MP -MF"src/helloworld.d" -MT"src/helloworld.o" -o "src/helloworld.o" "../src/helloworld.c"
Finished building: ../src/helloworld.c
 
Building target: sxa.elf
Invoking: ARM v7 Linux gcc linker
arm-linux-gnueabihf-gcc  -o "sxa.elf"  ./src/helloworld.o   
Finished building target: sxa.elf
 
Invoking: ARM v7 Linux Print Size
arm-linux-gnueabihf-size sxa.elf  |tee "sxa.elf.size"
   text	   data	    bss	    dec	    hex	filename
    852	    280	      4	   1136	    470	sxa.elf
Finished building: sxa.elf.size
 

15:37:45 Build Finished (took 2s.415ms)

