V3 3
FL C:/Users/darko/OneDrive/Documentos/VH/practica1/cod.vhd 2018/09/19.09:45:02 P.20131013
EN work/cod 1537368330 FL C:/Users/darko/OneDrive/Documentos/VH/practica1/cod.vhd \
      PB ieee/std_logic_1164 1381692176
AR work/cod/Behavioral 1537368331 \
      FL C:/Users/darko/OneDrive/Documentos/VH/practica1/cod.vhd EN work/cod 1537368330
