V3 3
FL C:/Users/darko/OneDrive/Documentos/VH/maquina_3/maquina.vhd 2018/11/14.10:29:09 P.20131013
EN work/maquina 1542212956 \
      FL C:/Users/darko/OneDrive/Documentos/VH/maquina_3/maquina.vhd \
      PB ieee/std_logic_1164 1381692176
AR work/maquina/Behavioral 1542212957 \
      FL C:/Users/darko/OneDrive/Documentos/VH/maquina_3/maquina.vhd \
      EN work/maquina 1542212956
