22:54:49 **** Build of configuration Debug for project timersbsp_xttcps_rtc_example_1 ****
make pre-build main-build 
a9-linaro-pre-build-step
 
Building file: ../src/xttcps_rtc_example.c
Invoking: ARM v7 gcc compiler
arm-none-eabi-gcc -Wall -O0 -g3 -c -fmessage-length=0 -MT"src/xttcps_rtc_example.o" -mcpu=cortex-a9 -mfpu=vfpv3 -mfloat-abi=hard -I../../timersbsp/ps7_cortexa9_0/include -MMD -MP -MF"src/xttcps_rtc_example.d" -MT"src/xttcps_rtc_example.o" -o "src/xttcps_rtc_example.o" "../src/xttcps_rtc_example.c"
Finished building: ../src/xttcps_rtc_example.c
 
Building target: timersbsp_xttcps_rtc_example_1.elf
Invoking: ARM v7 gcc linker
arm-none-eabi-gcc -mcpu=cortex-a9 -mfpu=vfpv3 -mfloat-abi=hard -Wl,-build-id=none -specs=Xilinx.spec -Wl,-T -Wl,../src/lscript.ld -L../../timersbsp/ps7_cortexa9_0/lib -o "timersbsp_xttcps_rtc_example_1.elf"  ./src/xttcps_rtc_example.o   -Wl,--start-group,-lxil,-lgcc,-lc,--end-group -Wl,--start-group,-lxilffs,-lxil,-lgcc,-lc,--end-group -Wl,--start-group,-lxil,-lmetal,-lopen_amp,-lgcc,-lc,--end-group -Wl,--start-group,-lxil,-lmetal,-lgcc,-lc,--end-group
Finished building target: timersbsp_xttcps_rtc_example_1.elf
 
Invoking: ARM v7 Print Size
arm-none-eabi-size timersbsp_xttcps_rtc_example_1.elf  |tee "timersbsp_xttcps_rtc_example_1.elf.size"
   text	   data	    bss	    dec	    hex	filename
  28372	   1968	  22616	  52956	   cedc	timersbsp_xttcps_rtc_example_1.elf
Finished building: timersbsp_xttcps_rtc_example_1.elf.size
 

22:54:49 Build Finished (took 412ms)

