09:32:33 **** Build of configuration Debug for project gpiotest_xgpio_example_1 ****
make pre-build main-build 
a9-linaro-pre-build-step
 
Building file: ../src/xgpio_example.c
Invoking: ARM v7 gcc compiler
arm-none-eabi-gcc -Wall -O0 -g3 -c -fmessage-length=0 -MT"src/xgpio_example.o" -mcpu=cortex-a9 -mfpu=vfpv3 -mfloat-abi=hard -I../../gpiotest/ps7_cortexa9_0/include -MMD -MP -MF"src/xgpio_example.d" -MT"src/xgpio_example.o" -o "src/xgpio_example.o" "../src/xgpio_example.c"
Finished building: ../src/xgpio_example.c
 
Building target: gpiotest_xgpio_example_1.elf
Invoking: ARM v7 gcc linker
arm-none-eabi-gcc -mcpu=cortex-a9 -mfpu=vfpv3 -mfloat-abi=hard -Wl,-build-id=none -specs=Xilinx.spec -Wl,-T -Wl,../src/lscript.ld -L../../gpiotest/ps7_cortexa9_0/lib -o "gpiotest_xgpio_example_1.elf"  ./src/xgpio_example.o   -Wl,--start-group,-lxil,-lgcc,-lc,--end-group -Wl,--start-group,-lxilffs,-lxil,-lgcc,-lc,--end-group
Finished building target: gpiotest_xgpio_example_1.elf
 
Invoking: ARM v7 Print Size
arm-none-eabi-size gpiotest_xgpio_example_1.elf  |tee "gpiotest_xgpio_example_1.elf.size"
   text	   data	    bss	    dec	    hex	filename
  23724	   1168	  22600	  47492	   b984	gpiotest_xgpio_example_1.elf
Finished building: gpiotest_xgpio_example_1.elf.size
 

09:32:34 Build Finished (took 409ms)

