22:50:58 **** Build of project timersbsp ****
make -k all 
Running Make include in ps7_cortexa9_0/libsrc/ddrps_v1_0/src
make -C ps7_cortexa9_0/libsrc/ddrps_v1_0/src -s include  "SHELL=/bin/sh" "COMPILER=arm-none-eabi-gcc" "ARCHIVER=arm-none-eabi-ar" "COMPILER_FLAGS=  -O2 -c" "EXTRA_COMPILER_FLAGS=-mcpu=cortex-a9 -mfpu=vfpv3 -mfloat-abi=hard -nostartfiles -g -Wall -Wextra -DUNDEFINE_FILE_OPS"
Running Make include in ps7_cortexa9_0/libsrc/sdps_v3_6/src
make -C ps7_cortexa9_0/libsrc/sdps_v3_6/src -s include  "SHELL=/bin/sh" "COMPILER=arm-none-eabi-gcc" "ARCHIVER=arm-none-eabi-ar" "COMPILER_FLAGS=  -O2 -c" "EXTRA_COMPILER_FLAGS=-mcpu=cortex-a9 -mfpu=vfpv3 -mfloat-abi=hard -nostartfiles -g -Wall -Wextra -DUNDEFINE_FILE_OPS"
Running Make include in ps7_cortexa9_0/libsrc/tmrctr_v4_5/src
make -C ps7_cortexa9_0/libsrc/tmrctr_v4_5/src -s include  "SHELL=/bin/sh" "COMPILER=arm-none-eabi-gcc" "ARCHIVER=arm-none-eabi-ar" "COMPILER_FLAGS=  -O2 -c" "EXTRA_COMPILER_FLAGS=-mcpu=cortex-a9 -mfpu=vfpv3 -mfloat-abi=hard -nostartfiles -g -Wall -Wextra -DUNDEFINE_FILE_OPS"
Running Make include in ps7_cortexa9_0/libsrc/standalone_v6_8/src
make -C ps7_cortexa9_0/libsrc/standalone_v6_8/src -s include  "SHELL=/bin/sh" "COMPILER=arm-none-eabi-gcc" "ARCHIVER=arm-none-eabi-ar" "COMPILER_FLAGS=  -O2 -c" "EXTRA_COMPILER_FLAGS=-mcpu=cortex-a9 -mfpu=vfpv3 -mfloat-abi=hard -nostartfiles -g -Wall -Wextra -DUNDEFINE_FILE_OPS"
Running Make include in ps7_cortexa9_0/libsrc/dmaps_v2_4/src
make -C ps7_cortexa9_0/libsrc/dmaps_v2_4/src -s include  "SHELL=/bin/sh" "COMPILER=arm-none-eabi-gcc" "ARCHIVER=arm-none-eabi-ar" "COMPILER_FLAGS=  -O2 -c" "EXTRA_COMPILER_FLAGS=-mcpu=cortex-a9 -mfpu=vfpv3 -mfloat-abi=hard -nostartfiles -g -Wall -Wextra -DUNDEFINE_FILE_OPS"
Running Make include in ps7_cortexa9_0/libsrc/cpu_cortexa9_v2_7/src
make -C ps7_cortexa9_0/libsrc/cpu_cortexa9_v2_7/src -s include  "SHELL=/bin/sh" "COMPILER=arm-none-eabi-gcc" "ARCHIVER=arm-none-eabi-ar" "COMPILER_FLAGS=  -O2 -c" "EXTRA_COMPILER_FLAGS=-mcpu=cortex-a9 -mfpu=vfpv3 -mfloat-abi=hard -nostartfiles -g -Wall -Wextra -DUNDEFINE_FILE_OPS"
Running Make include in ps7_cortexa9_0/libsrc/emacps_v3_8/src
make -C ps7_cortexa9_0/libsrc/emacps_v3_8/src -s include  "SHELL=/bin/sh" "COMPILER=arm-none-eabi-gcc" "ARCHIVER=arm-none-eabi-ar" "COMPILER_FLAGS=  -O2 -c" "EXTRA_COMPILER_FLAGS=-mcpu=cortex-a9 -mfpu=vfpv3 -mfloat-abi=hard -nostartfiles -g -Wall -Wextra -DUNDEFINE_FILE_OPS"
Running Make include in ps7_cortexa9_0/libsrc/ttcps_v3_7/src
make -C ps7_cortexa9_0/libsrc/ttcps_v3_7/src -s include  "SHELL=/bin/sh" "COMPILER=arm-none-eabi-gcc" "ARCHIVER=arm-none-eabi-ar" "COMPILER_FLAGS=  -O2 -c" "EXTRA_COMPILER_FLAGS=-mcpu=cortex-a9 -mfpu=vfpv3 -mfloat-abi=hard -nostartfiles -g -Wall -Wextra -DUNDEFINE_FILE_OPS"
Running Make include in ps7_cortexa9_0/libsrc/qspips_v3_5/src
make -C ps7_cortexa9_0/libsrc/qspips_v3_5/src -s include  "SHELL=/bin/sh" "COMPILER=arm-none-eabi-gcc" "ARCHIVER=arm-none-eabi-ar" "COMPILER_FLAGS=  -O2 -c" "EXTRA_COMPILER_FLAGS=-mcpu=cortex-a9 -mfpu=vfpv3 -mfloat-abi=hard -nostartfiles -g -Wall -Wextra -DUNDEFINE_FILE_OPS"
Running Make include in ps7_cortexa9_0/libsrc/xilffs_v4_0/src
make -C ps7_cortexa9_0/libsrc/xilffs_v4_0/src -s include  "SHELL=/bin/sh" "COMPILER=arm-none-eabi-gcc" "ARCHIVER=arm-none-eabi-ar" "COMPILER_FLAGS=  -O2 -c" "EXTRA_COMPILER_FLAGS=-mcpu=cortex-a9 -mfpu=vfpv3 -mfloat-abi=hard -nostartfiles -g -Wall -Wextra -DUNDEFINE_FILE_OPS"
Running Make include in ps7_cortexa9_0/libsrc/openamp_v1_5/src
make -C ps7_cortexa9_0/libsrc/openamp_v1_5/src -s include  "SHELL=/bin/sh" "COMPILER=arm-none-eabi-gcc" "ARCHIVER=arm-none-eabi-ar" "COMPILER_FLAGS=  -O2 -c" "EXTRA_COMPILER_FLAGS=-mcpu=cortex-a9 -mfpu=vfpv3 -mfloat-abi=hard -nostartfiles -g -Wall -Wextra -DUNDEFINE_FILE_OPS"
Running Make include in ps7_cortexa9_0/libsrc/scugic_v3_10/src
make -C ps7_cortexa9_0/libsrc/scugic_v3_10/src -s include  "SHELL=/bin/sh" "COMPILER=arm-none-eabi-gcc" "ARCHIVER=arm-none-eabi-ar" "COMPILER_FLAGS=  -O2 -c" "EXTRA_COMPILER_FLAGS=-mcpu=cortex-a9 -mfpu=vfpv3 -mfloat-abi=hard -nostartfiles -g -Wall -Wextra -DUNDEFINE_FILE_OPS"
Running Make include in ps7_cortexa9_0/libsrc/libmetal_v1_4/src
make -C ps7_cortexa9_0/libsrc/libmetal_v1_4/src -s include  "SHELL=/bin/sh" "COMPILER=arm-none-eabi-gcc" "ARCHIVER=arm-none-eabi-ar" "COMPILER_FLAGS=  -O2 -c" "EXTRA_COMPILER_FLAGS=-mcpu=cortex-a9 -mfpu=vfpv3 -mfloat-abi=hard -nostartfiles -g -Wall -Wextra -DUNDEFINE_FILE_OPS"
Running Make include in ps7_cortexa9_0/libsrc/xadcps_v2_3/src
make -C ps7_cortexa9_0/libsrc/xadcps_v2_3/src -s include  "SHELL=/bin/sh" "COMPILER=arm-none-eabi-gcc" "ARCHIVER=arm-none-eabi-ar" "COMPILER_FLAGS=  -O2 -c" "EXTRA_COMPILER_FLAGS=-mcpu=cortex-a9 -mfpu=vfpv3 -mfloat-abi=hard -nostartfiles -g -Wall -Wextra -DUNDEFINE_FILE_OPS"
Running Make include in ps7_cortexa9_0/libsrc/devcfg_v3_5/src
make -C ps7_cortexa9_0/libsrc/devcfg_v3_5/src -s include  "SHELL=/bin/sh" "COMPILER=arm-none-eabi-gcc" "ARCHIVER=arm-none-eabi-ar" "COMPILER_FLAGS=  -O2 -c" "EXTRA_COMPILER_FLAGS=-mcpu=cortex-a9 -mfpu=vfpv3 -mfloat-abi=hard -nostartfiles -g -Wall -Wextra -DUNDEFINE_FILE_OPS"
Running Make include in ps7_cortexa9_0/libsrc/gpio_v4_3/src
make -C ps7_cortexa9_0/libsrc/gpio_v4_3/src -s include  "SHELL=/bin/sh" "COMPILER=arm-none-eabi-gcc" "ARCHIVER=arm-none-eabi-ar" "COMPILER_FLAGS=  -O2 -c" "EXTRA_COMPILER_FLAGS=-mcpu=cortex-a9 -mfpu=vfpv3 -mfloat-abi=hard -nostartfiles -g -Wall -Wextra -DUNDEFINE_FILE_OPS"
Running Make include in ps7_cortexa9_0/libsrc/scuwdt_v2_1/src
make -C ps7_cortexa9_0/libsrc/scuwdt_v2_1/src -s include  "SHELL=/bin/sh" "COMPILER=arm-none-eabi-gcc" "ARCHIVER=arm-none-eabi-ar" "COMPILER_FLAGS=  -O2 -c" "EXTRA_COMPILER_FLAGS=-mcpu=cortex-a9 -mfpu=vfpv3 -mfloat-abi=hard -nostartfiles -g -Wall -Wextra -DUNDEFINE_FILE_OPS"
Running Make include in ps7_cortexa9_0/libsrc/uartps_v3_7/src
make -C ps7_cortexa9_0/libsrc/uartps_v3_7/src -s include  "SHELL=/bin/sh" "COMPILER=arm-none-eabi-gcc" "ARCHIVER=arm-none-eabi-ar" "COMPILER_FLAGS=  -O2 -c" "EXTRA_COMPILER_FLAGS=-mcpu=cortex-a9 -mfpu=vfpv3 -mfloat-abi=hard -nostartfiles -g -Wall -Wextra -DUNDEFINE_FILE_OPS"
Running Make include in ps7_cortexa9_0/libsrc/usbps_v2_4/src
make -C ps7_cortexa9_0/libsrc/usbps_v2_4/src -s include  "SHELL=/bin/sh" "COMPILER=arm-none-eabi-gcc" "ARCHIVER=arm-none-eabi-ar" "COMPILER_FLAGS=  -O2 -c" "EXTRA_COMPILER_FLAGS=-mcpu=cortex-a9 -mfpu=vfpv3 -mfloat-abi=hard -nostartfiles -g -Wall -Wextra -DUNDEFINE_FILE_OPS"
Running Make include in ps7_cortexa9_0/libsrc/coresightps_dcc_v1_4/src
make -C ps7_cortexa9_0/libsrc/coresightps_dcc_v1_4/src -s include  "SHELL=/bin/sh" "COMPILER=arm-none-eabi-gcc" "ARCHIVER=arm-none-eabi-ar" "COMPILER_FLAGS=  -O2 -c" "EXTRA_COMPILER_FLAGS=-mcpu=cortex-a9 -mfpu=vfpv3 -mfloat-abi=hard -nostartfiles -g -Wall -Wextra -DUNDEFINE_FILE_OPS"
Running Make include in ps7_cortexa9_0/libsrc/scutimer_v2_1/src
make -C ps7_cortexa9_0/libsrc/scutimer_v2_1/src -s include  "SHELL=/bin/sh" "COMPILER=arm-none-eabi-gcc" "ARCHIVER=arm-none-eabi-ar" "COMPILER_FLAGS=  -O2 -c" "EXTRA_COMPILER_FLAGS=-mcpu=cortex-a9 -mfpu=vfpv3 -mfloat-abi=hard -nostartfiles -g -Wall -Wextra -DUNDEFINE_FILE_OPS"
Running Make include in ps7_cortexa9_0/libsrc/gpiops_v3_4/src
make -C ps7_cortexa9_0/libsrc/gpiops_v3_4/src -s include  "SHELL=/bin/sh" "COMPILER=arm-none-eabi-gcc" "ARCHIVER=arm-none-eabi-ar" "COMPILER_FLAGS=  -O2 -c" "EXTRA_COMPILER_FLAGS=-mcpu=cortex-a9 -mfpu=vfpv3 -mfloat-abi=hard -nostartfiles -g -Wall -Wextra -DUNDEFINE_FILE_OPS"
Running Make libs in ps7_cortexa9_0/libsrc/ddrps_v1_0/src
make -C ps7_cortexa9_0/libsrc/ddrps_v1_0/src -s libs  "SHELL=/bin/sh" "COMPILER=arm-none-eabi-gcc" "ARCHIVER=arm-none-eabi-ar" "COMPILER_FLAGS=  -O2 -c" "EXTRA_COMPILER_FLAGS=-mcpu=cortex-a9 -mfpu=vfpv3 -mfloat-abi=hard -nostartfiles -g -Wall -Wextra -DUNDEFINE_FILE_OPS"
Compiling ddrps
arm-none-eabi-ar: creating ../../../lib/libxil.a
Running Make libs in ps7_cortexa9_0/libsrc/sdps_v3_6/src
make -C ps7_cortexa9_0/libsrc/sdps_v3_6/src -s libs  "SHELL=/bin/sh" "COMPILER=arm-none-eabi-gcc" "ARCHIVER=arm-none-eabi-ar" "COMPILER_FLAGS=  -O2 -c" "EXTRA_COMPILER_FLAGS=-mcpu=cortex-a9 -mfpu=vfpv3 -mfloat-abi=hard -nostartfiles -g -Wall -Wextra -DUNDEFINE_FILE_OPS"
Compiling sdps
Running Make libs in ps7_cortexa9_0/libsrc/tmrctr_v4_5/src
make -C ps7_cortexa9_0/libsrc/tmrctr_v4_5/src -s libs  "SHELL=/bin/sh" "COMPILER=arm-none-eabi-gcc" "ARCHIVER=arm-none-eabi-ar" "COMPILER_FLAGS=  -O2 -c" "EXTRA_COMPILER_FLAGS=-mcpu=cortex-a9 -mfpu=vfpv3 -mfloat-abi=hard -nostartfiles -g -Wall -Wextra -DUNDEFINE_FILE_OPS"
Compiling tmrctr
Running Make libs in ps7_cortexa9_0/libsrc/standalone_v6_8/src
make -C ps7_cortexa9_0/libsrc/standalone_v6_8/src -s libs  "SHELL=/bin/sh" "COMPILER=arm-none-eabi-gcc" "ARCHIVER=arm-none-eabi-ar" "COMPILER_FLAGS=  -O2 -c" "EXTRA_COMPILER_FLAGS=-mcpu=cortex-a9 -mfpu=vfpv3 -mfloat-abi=hard -nostartfiles -g -Wall -Wextra -DUNDEFINE_FILE_OPS"
Compiling standalone
In file included from sleep.c:53:0:
xtime_l.h:87:9: note: #pragma message: For the sleep routines, Global timer is being used
 #pragma message ("For the sleep routines, Global timer is being used")
         ^~~~~~~
In file included from xtime_l.c:49:0:
xtime_l.h:87:9: note: #pragma message: For the sleep routines, Global timer is being used
 #pragma message ("For the sleep routines, Global timer is being used")
         ^~~~~~~
In file included from usleep.c:56:0:
xtime_l.h:87:9: note: #pragma message: For the sleep routines, Global timer is being used
 #pragma message ("For the sleep routines, Global timer is being used")
         ^~~~~~~
In file included from xil_sleeptimer.c:51:0:
xtime_l.h:87:9: note: #pragma message: For the sleep routines, Global timer is being used
 #pragma message ("For the sleep routines, Global timer is being used")
         ^~~~~~~
Running Make libs in ps7_cortexa9_0/libsrc/dmaps_v2_4/src
make -C ps7_cortexa9_0/libsrc/dmaps_v2_4/src -s libs  "SHELL=/bin/sh" "COMPILER=arm-none-eabi-gcc" "ARCHIVER=arm-none-eabi-ar" "COMPILER_FLAGS=  -O2 -c" "EXTRA_COMPILER_FLAGS=-mcpu=cortex-a9 -mfpu=vfpv3 -mfloat-abi=hard -nostartfiles -g -Wall -Wextra -DUNDEFINE_FILE_OPS"
Compiling dmaps
Running Make libs in ps7_cortexa9_0/libsrc/cpu_cortexa9_v2_7/src
make -C ps7_cortexa9_0/libsrc/cpu_cortexa9_v2_7/src -s libs  "SHELL=/bin/sh" "COMPILER=arm-none-eabi-gcc" "ARCHIVER=arm-none-eabi-ar" "COMPILER_FLAGS=  -O2 -c" "EXTRA_COMPILER_FLAGS=-mcpu=cortex-a9 -mfpu=vfpv3 -mfloat-abi=hard -nostartfiles -g -Wall -Wextra -DUNDEFINE_FILE_OPS"
Compiling cpu_cortexa9
Running Make libs in ps7_cortexa9_0/libsrc/emacps_v3_8/src
make -C ps7_cortexa9_0/libsrc/emacps_v3_8/src -s libs  "SHELL=/bin/sh" "COMPILER=arm-none-eabi-gcc" "ARCHIVER=arm-none-eabi-ar" "COMPILER_FLAGS=  -O2 -c" "EXTRA_COMPILER_FLAGS=-mcpu=cortex-a9 -mfpu=vfpv3 -mfloat-abi=hard -nostartfiles -g -Wall -Wextra -DUNDEFINE_FILE_OPS"
Compiling emacps
Running Make libs in ps7_cortexa9_0/libsrc/ttcps_v3_7/src
make -C ps7_cortexa9_0/libsrc/ttcps_v3_7/src -s libs  "SHELL=/bin/sh" "COMPILER=arm-none-eabi-gcc" "ARCHIVER=arm-none-eabi-ar" "COMPILER_FLAGS=  -O2 -c" "EXTRA_COMPILER_FLAGS=-mcpu=cortex-a9 -mfpu=vfpv3 -mfloat-abi=hard -nostartfiles -g -Wall -Wextra -DUNDEFINE_FILE_OPS"
Compiling ttcps
Running Make libs in ps7_cortexa9_0/libsrc/qspips_v3_5/src
make -C ps7_cortexa9_0/libsrc/qspips_v3_5/src -s libs  "SHELL=/bin/sh" "COMPILER=arm-none-eabi-gcc" "ARCHIVER=arm-none-eabi-ar" "COMPILER_FLAGS=  -O2 -c" "EXTRA_COMPILER_FLAGS=-mcpu=cortex-a9 -mfpu=vfpv3 -mfloat-abi=hard -nostartfiles -g -Wall -Wextra -DUNDEFINE_FILE_OPS"
Compiling qspips
Running Make libs in ps7_cortexa9_0/libsrc/xilffs_v4_0/src
make -C ps7_cortexa9_0/libsrc/xilffs_v4_0/src -s libs  "SHELL=/bin/sh" "COMPILER=arm-none-eabi-gcc" "ARCHIVER=arm-none-eabi-ar" "COMPILER_FLAGS=  -O2 -c" "EXTRA_COMPILER_FLAGS=-mcpu=cortex-a9 -mfpu=vfpv3 -mfloat-abi=hard -nostartfiles -g -Wall -Wextra -DUNDEFINE_FILE_OPS"
Compiling XilFFs Library
Running Make libs in ps7_cortexa9_0/libsrc/openamp_v1_5/src
make -C ps7_cortexa9_0/libsrc/openamp_v1_5/src -s libs  "SHELL=/bin/sh" "COMPILER=arm-none-eabi-gcc" "ARCHIVER=arm-none-eabi-ar" "COMPILER_FLAGS=  -O2 -c" "EXTRA_COMPILER_FLAGS=-mcpu=cortex-a9 -mfpu=vfpv3 -mfloat-abi=hard -nostartfiles -g -Wall -Wextra -DUNDEFINE_FILE_OPS"
Scanning dependencies of target open_amp-static
[ 10%] Building C object lib/CMakeFiles/open_amp-static.dir/virtio/virtio.c.obj
[ 20%] Building C object lib/CMakeFiles/open_amp-static.dir/virtio/virtqueue.c.obj
[ 30%] Building C object lib/CMakeFiles/open_amp-static.dir/rpmsg/rpmsg.c.obj
[ 40%] Building C object lib/CMakeFiles/open_amp-static.dir/rpmsg/rpmsg_virtio.c.obj
[ 50%] Building C object lib/CMakeFiles/open_amp-static.dir/remoteproc/elf_loader.c.obj
[ 60%] Building C object lib/CMakeFiles/open_amp-static.dir/remoteproc/remoteproc.c.obj
[ 70%] Building C object lib/CMakeFiles/open_amp-static.dir/remoteproc/remoteproc_virtio.c.obj
[ 80%] Building C object lib/CMakeFiles/open_amp-static.dir/remoteproc/rsc_table_parser.c.obj
[ 90%] Building C object lib/CMakeFiles/open_amp-static.dir/proxy/rpmsg_retarget.c.obj
[100%] Linking C static library libopen_amp.a
/tools/Xilinx/SDK/2018.3/gnu/aarch32/lin/gcc-arm-none-eabi/bin/arm-none-eabi-ar cq libopen_amp.a  CMakeFiles/open_amp-static.dir/virtio/virtio.c.obj CMakeFiles/open_amp-static.dir/virtio/virtqueue.c.obj CMakeFiles/open_amp-static.dir/rpmsg/rpmsg.c.obj CMakeFiles/open_amp-static.dir/rpmsg/rpmsg_virtio.c.obj CMakeFiles/open_amp-static.dir/remoteproc/elf_loader.c.obj CMakeFiles/open_amp-static.dir/remoteproc/remoteproc.c.obj CMakeFiles/open_amp-static.dir/remoteproc/remoteproc_virtio.c.obj CMakeFiles/open_amp-static.dir/remoteproc/rsc_table_parser.c.obj CMakeFiles/open_amp-static.dir/proxy/rpmsg_retarget.c.obj
/tools/Xilinx/SDK/2018.3/gnu/aarch32/lin/gcc-arm-none-eabi/bin/arm-none-eabi-ranlib libopen_amp.a
[100%] Built target open_amp-static
Install the project...
-- Install configuration: "Debug"
-- Installing: ../../../lib/libopen_amp.a
-- Up-to-date: ../../../include/openamp
-- Installing: ../../../include/openamp/virtqueue.h
-- Installing: ../../../include/openamp/rsc_table_parser.h
-- Installing: ../../../include/openamp/virtio.h
-- Installing: ../../../include/openamp/remoteproc_loader.h
-- Installing: ../../../include/openamp/virtio_ring.h
-- Installing: ../../../include/openamp/remoteproc.h
-- Installing: ../../../include/openamp/open_amp.h
-- Installing: ../../../include/openamp/rpmsg_retarget.h
-- Installing: ../../../include/openamp/rpmsg.h
-- Installing: ../../../include/openamp/elf_loader.h
-- Installing: ../../../include/openamp/compiler.h
-- Installing: ../../../include/openamp/remoteproc_virtio.h
-- Installing: ../../../include/openamp/rpmsg_virtio.h
Running Make libs in ps7_cortexa9_0/libsrc/scugic_v3_10/src
make -C ps7_cortexa9_0/libsrc/scugic_v3_10/src -s libs  "SHELL=/bin/sh" "COMPILER=arm-none-eabi-gcc" "ARCHIVER=arm-none-eabi-ar" "COMPILER_FLAGS=  -O2 -c" "EXTRA_COMPILER_FLAGS=-mcpu=cortex-a9 -mfpu=vfpv3 -mfloat-abi=hard -nostartfiles -g -Wall -Wextra -DUNDEFINE_FILE_OPS"
Compiling scugic
Running Make libs in ps7_cortexa9_0/libsrc/libmetal_v1_4/src
make -C ps7_cortexa9_0/libsrc/libmetal_v1_4/src -s libs  "SHELL=/bin/sh" "COMPILER=arm-none-eabi-gcc" "ARCHIVER=arm-none-eabi-ar" "COMPILER_FLAGS=  -O2 -c" "EXTRA_COMPILER_FLAGS=-mcpu=cortex-a9 -mfpu=vfpv3 -mfloat-abi=hard -nostartfiles -g -Wall -Wextra -DUNDEFINE_FILE_OPS"
Scanning dependencies of target metal-static
[  6%] Building C object lib/CMakeFiles/metal-static.dir/dma.c.obj
[ 12%] Building C object lib/CMakeFiles/metal-static.dir/device.c.obj
[ 18%] Building C object lib/CMakeFiles/metal-static.dir/init.c.obj
[ 25%] Building C object lib/CMakeFiles/metal-static.dir/io.c.obj
[ 31%] Building C object lib/CMakeFiles/metal-static.dir/log.c.obj
[ 37%] Building C object lib/CMakeFiles/metal-static.dir/shmem.c.obj
[ 43%] Building C object lib/CMakeFiles/metal-static.dir/version.c.obj
[ 50%] Building C object lib/CMakeFiles/metal-static.dir/system/generic/condition.c.obj
[ 56%] Building C object lib/CMakeFiles/metal-static.dir/system/generic/device.c.obj
[ 62%] Building C object lib/CMakeFiles/metal-static.dir/system/generic/init.c.obj
[ 68%] Building C object lib/CMakeFiles/metal-static.dir/system/generic/io.c.obj
[ 75%] Building C object lib/CMakeFiles/metal-static.dir/system/generic/irq.c.obj
[ 81%] Building C object lib/CMakeFiles/metal-static.dir/system/generic/shmem.c.obj
[ 87%] Building C object lib/CMakeFiles/metal-static.dir/system/generic/time.c.obj
[ 93%] Building C object lib/CMakeFiles/metal-static.dir/system/generic/zynq7/sys.c.obj
[100%] Linking C static library libmetal.a
/tools/Xilinx/SDK/2018.3/gnu/aarch32/lin/gcc-arm-none-eabi/bin/arm-none-eabi-ar cq libmetal.a  CMakeFiles/metal-static.dir/dma.c.obj CMakeFiles/metal-static.dir/device.c.obj CMakeFiles/metal-static.dir/init.c.obj CMakeFiles/metal-static.dir/io.c.obj CMakeFiles/metal-static.dir/log.c.obj CMakeFiles/metal-static.dir/shmem.c.obj CMakeFiles/metal-static.dir/version.c.obj CMakeFiles/metal-static.dir/system/generic/condition.c.obj CMakeFiles/metal-static.dir/system/generic/device.c.obj CMakeFiles/metal-static.dir/system/generic/init.c.obj CMakeFiles/metal-static.dir/system/generic/io.c.obj CMakeFiles/metal-static.dir/system/generic/irq.c.obj CMakeFiles/metal-static.dir/system/generic/shmem.c.obj CMakeFiles/metal-static.dir/system/generic/time.c.obj CMakeFiles/metal-static.dir/system/generic/zynq7/sys.c.obj
/tools/Xilinx/SDK/2018.3/gnu/aarch32/lin/gcc-arm-none-eabi/bin/arm-none-eabi-ranlib libmetal.a
[100%] Built target metal-static
Install the project...
-- Install configuration: "Debug"
-- Installing: ../../../include/metal/alloc.h
-- Installing: ../../../include/metal/assert.h
-- Installing: ../../../include/metal/atomic.h
-- Installing: ../../../include/metal/cache.h
-- Installing: ../../../include/metal/compiler.h
-- Installing: ../../../include/metal/condition.h
-- Installing: ../../../include/metal/config.h
-- Installing: ../../../include/metal/cpu.h
-- Installing: ../../../include/metal/device.h
-- Installing: ../../../include/metal/dma.h
-- Installing: ../../../include/metal/io.h
-- Installing: ../../../include/metal/irq.h
-- Installing: ../../../include/metal/list.h
-- Installing: ../../../include/metal/log.h
-- Installing: ../../../include/metal/mutex.h
-- Installing: ../../../include/metal/shmem.h
-- Installing: ../../../include/metal/sleep.h
-- Installing: ../../../include/metal/spinlock.h
-- Installing: ../../../include/metal/sys.h
-- Installing: ../../../include/metal/time.h
-- Installing: ../../../include/metal/utilities.h
-- Installing: ../../../include/metal/version.h
-- Installing: ../../../include/metal/compiler/gcc/atomic.h
-- Installing: ../../../include/metal/compiler/gcc/compiler.h
-- Installing: ../../../include/metal/compiler/iar/compiler.h
-- Installing: ../../../include/metal/processor/arm/atomic.h
-- Installing: ../../../include/metal/processor/arm/cpu.h
-- Installing: ../../../include/metal/system/generic/alloc.h
-- Installing: ../../../include/metal/system/generic/assert.h
-- Installing: ../../../include/metal/system/generic/cache.h
-- Installing: ../../../include/metal/system/generic/condition.h
-- Installing: ../../../include/metal/system/generic/io.h
-- Installing: ../../../include/metal/system/generic/irq.h
-- Installing: ../../../include/metal/system/generic/log.h
-- Installing: ../../../include/metal/system/generic/mutex.h
-- Installing: ../../../include/metal/system/generic/sleep.h
-- Installing: ../../../include/metal/system/generic/sys.h
-- Installing: ../../../include/metal/system/generic/zynq7/sys.h
-- Installing: ../../../lib/libmetal.a
Running Make libs in ps7_cortexa9_0/libsrc/xadcps_v2_3/src
make -C ps7_cortexa9_0/libsrc/xadcps_v2_3/src -s libs  "SHELL=/bin/sh" "COMPILER=arm-none-eabi-gcc" "ARCHIVER=arm-none-eabi-ar" "COMPILER_FLAGS=  -O2 -c" "EXTRA_COMPILER_FLAGS=-mcpu=cortex-a9 -mfpu=vfpv3 -mfloat-abi=hard -nostartfiles -g -Wall -Wextra -DUNDEFINE_FILE_OPS"
Compiling xadcps
Running Make libs in ps7_cortexa9_0/libsrc/devcfg_v3_5/src
make -C ps7_cortexa9_0/libsrc/devcfg_v3_5/src -s libs  "SHELL=/bin/sh" "COMPILER=arm-none-eabi-gcc" "ARCHIVER=arm-none-eabi-ar" "COMPILER_FLAGS=  -O2 -c" "EXTRA_COMPILER_FLAGS=-mcpu=cortex-a9 -mfpu=vfpv3 -mfloat-abi=hard -nostartfiles -g -Wall -Wextra -DUNDEFINE_FILE_OPS"
Compiling devcfg
Running Make libs in ps7_cortexa9_0/libsrc/gpio_v4_3/src
make -C ps7_cortexa9_0/libsrc/gpio_v4_3/src -s libs  "SHELL=/bin/sh" "COMPILER=arm-none-eabi-gcc" "ARCHIVER=arm-none-eabi-ar" "COMPILER_FLAGS=  -O2 -c" "EXTRA_COMPILER_FLAGS=-mcpu=cortex-a9 -mfpu=vfpv3 -mfloat-abi=hard -nostartfiles -g -Wall -Wextra -DUNDEFINE_FILE_OPS"
Compiling gpio
Running Make libs in ps7_cortexa9_0/libsrc/scuwdt_v2_1/src
make -C ps7_cortexa9_0/libsrc/scuwdt_v2_1/src -s libs  "SHELL=/bin/sh" "COMPILER=arm-none-eabi-gcc" "ARCHIVER=arm-none-eabi-ar" "COMPILER_FLAGS=  -O2 -c" "EXTRA_COMPILER_FLAGS=-mcpu=cortex-a9 -mfpu=vfpv3 -mfloat-abi=hard -nostartfiles -g -Wall -Wextra -DUNDEFINE_FILE_OPS"
Compiling scuwdt
Running Make libs in ps7_cortexa9_0/libsrc/uartps_v3_7/src
make -C ps7_cortexa9_0/libsrc/uartps_v3_7/src -s libs  "SHELL=/bin/sh" "COMPILER=arm-none-eabi-gcc" "ARCHIVER=arm-none-eabi-ar" "COMPILER_FLAGS=  -O2 -c" "EXTRA_COMPILER_FLAGS=-mcpu=cortex-a9 -mfpu=vfpv3 -mfloat-abi=hard -nostartfiles -g -Wall -Wextra -DUNDEFINE_FILE_OPS"
Compiling uartps
Running Make libs in ps7_cortexa9_0/libsrc/usbps_v2_4/src
make -C ps7_cortexa9_0/libsrc/usbps_v2_4/src -s libs  "SHELL=/bin/sh" "COMPILER=arm-none-eabi-gcc" "ARCHIVER=arm-none-eabi-ar" "COMPILER_FLAGS=  -O2 -c" "EXTRA_COMPILER_FLAGS=-mcpu=cortex-a9 -mfpu=vfpv3 -mfloat-abi=hard -nostartfiles -g -Wall -Wextra -DUNDEFINE_FILE_OPS"
Compiling usbps
Running Make libs in ps7_cortexa9_0/libsrc/coresightps_dcc_v1_4/src
make -C ps7_cortexa9_0/libsrc/coresightps_dcc_v1_4/src -s libs  "SHELL=/bin/sh" "COMPILER=arm-none-eabi-gcc" "ARCHIVER=arm-none-eabi-ar" "COMPILER_FLAGS=  -O2 -c" "EXTRA_COMPILER_FLAGS=-mcpu=cortex-a9 -mfpu=vfpv3 -mfloat-abi=hard -nostartfiles -g -Wall -Wextra -DUNDEFINE_FILE_OPS"
Compiling coresightps_dcc
Running Make libs in ps7_cortexa9_0/libsrc/scutimer_v2_1/src
make -C ps7_cortexa9_0/libsrc/scutimer_v2_1/src -s libs  "SHELL=/bin/sh" "COMPILER=arm-none-eabi-gcc" "ARCHIVER=arm-none-eabi-ar" "COMPILER_FLAGS=  -O2 -c" "EXTRA_COMPILER_FLAGS=-mcpu=cortex-a9 -mfpu=vfpv3 -mfloat-abi=hard -nostartfiles -g -Wall -Wextra -DUNDEFINE_FILE_OPS"
Compiling scutimer
Running Make libs in ps7_cortexa9_0/libsrc/gpiops_v3_4/src
make -C ps7_cortexa9_0/libsrc/gpiops_v3_4/src -s libs  "SHELL=/bin/sh" "COMPILER=arm-none-eabi-gcc" "ARCHIVER=arm-none-eabi-ar" "COMPILER_FLAGS=  -O2 -c" "EXTRA_COMPILER_FLAGS=-mcpu=cortex-a9 -mfpu=vfpv3 -mfloat-abi=hard -nostartfiles -g -Wall -Wextra -DUNDEFINE_FILE_OPS"
Compiling gpiops
Finished building libraries
22:51:49 **** Build of configuration Debug for project timersbsp_xtmrctr_selftest_example_1 ****
make pre-build main-build 
a9-linaro-pre-build-step
 
Building file: ../src/xtmrctr_selftest_example.c
Invoking: ARM v7 gcc compiler
arm-none-eabi-gcc -Wall -O0 -g3 -c -fmessage-length=0 -MT"src/xtmrctr_selftest_example.o" -mcpu=cortex-a9 -mfpu=vfpv3 -mfloat-abi=hard -I../../timersbsp/ps7_cortexa9_0/include -MMD -MP -MF"src/xtmrctr_selftest_example.d" -MT"src/xtmrctr_selftest_example.o" -o "src/xtmrctr_selftest_example.o" "../src/xtmrctr_selftest_example.c"
Finished building: ../src/xtmrctr_selftest_example.c
 
Building target: timersbsp_xtmrctr_selftest_example_1.elf
Invoking: ARM v7 gcc linker
arm-none-eabi-gcc -mcpu=cortex-a9 -mfpu=vfpv3 -mfloat-abi=hard -Wl,-build-id=none -specs=Xilinx.spec -Wl,-T -Wl,../src/lscript.ld -L../../timersbsp/ps7_cortexa9_0/lib -o "timersbsp_xtmrctr_selftest_example_1.elf"  ./src/xtmrctr_selftest_example.o   -Wl,--start-group,-lxil,-lgcc,-lc,--end-group -Wl,--start-group,-lxilffs,-lxil,-lgcc,-lc,--end-group -Wl,--start-group,-lxil,-lmetal,-lopen_amp,-lgcc,-lc,--end-group -Wl,--start-group,-lxil,-lmetal,-lgcc,-lc,--end-group
Finished building target: timersbsp_xtmrctr_selftest_example_1.elf
 
Invoking: ARM v7 Print Size
arm-none-eabi-size timersbsp_xtmrctr_selftest_example_1.elf  |tee "timersbsp_xtmrctr_selftest_example_1.elf.size"
   text	   data	    bss	    dec	    hex	filename
  25544	   1168	  22632	  49344	   c0c0	timersbsp_xtmrctr_selftest_example_1.elf
Finished building: timersbsp_xtmrctr_selftest_example_1.elf.size
 
22:53:08 **** Build of configuration Debug for project timersbsp_xtmrctr_polled_example_1 ****
make pre-build main-build 
a9-linaro-pre-build-step
 
Building file: ../src/xtmrctr_polled_example.c
Invoking: ARM v7 gcc compiler
arm-none-eabi-gcc -Wall -O0 -g3 -c -fmessage-length=0 -MT"src/xtmrctr_polled_example.o" -mcpu=cortex-a9 -mfpu=vfpv3 -mfloat-abi=hard -I../../timersbsp/ps7_cortexa9_0/include -MMD -MP -MF"src/xtmrctr_polled_example.d" -MT"src/xtmrctr_polled_example.o" -o "src/xtmrctr_polled_example.o" "../src/xtmrctr_polled_example.c"
Finished building: ../src/xtmrctr_polled_example.c
 
Building target: timersbsp_xtmrctr_polled_example_1.elf
Invoking: ARM v7 gcc linker
arm-none-eabi-gcc -mcpu=cortex-a9 -mfpu=vfpv3 -mfloat-abi=hard -Wl,-build-id=none -specs=Xilinx.spec -Wl,-T -Wl,../src/lscript.ld -L../../timersbsp/ps7_cortexa9_0/lib -o "timersbsp_xtmrctr_polled_example_1.elf"  ./src/xtmrctr_polled_example.o   -Wl,--start-group,-lxil,-lgcc,-lc,--end-group -Wl,--start-group,-lxilffs,-lxil,-lgcc,-lc,--end-group -Wl,--start-group,-lxil,-lmetal,-lopen_amp,-lgcc,-lc,--end-group -Wl,--start-group,-lxil,-lmetal,-lgcc,-lc,--end-group
Finished building target: timersbsp_xtmrctr_polled_example_1.elf
 
Invoking: ARM v7 Print Size
arm-none-eabi-size timersbsp_xtmrctr_polled_example_1.elf  |tee "timersbsp_xtmrctr_polled_example_1.elf.size"
   text	   data	    bss	    dec	    hex	filename
  26128	   1168	  22632	  49928	   c308	timersbsp_xtmrctr_polled_example_1.elf
Finished building: timersbsp_xtmrctr_polled_example_1.elf.size
 
22:54:49 **** Build of configuration Debug for project timersbsp_xttcps_rtc_example_1 ****
make pre-build main-build 
a9-linaro-pre-build-step
 
Building file: ../src/xttcps_rtc_example.c
Invoking: ARM v7 gcc compiler
arm-none-eabi-gcc -Wall -O0 -g3 -c -fmessage-length=0 -MT"src/xttcps_rtc_example.o" -mcpu=cortex-a9 -mfpu=vfpv3 -mfloat-abi=hard -I../../timersbsp/ps7_cortexa9_0/include -MMD -MP -MF"src/xttcps_rtc_example.d" -MT"src/xttcps_rtc_example.o" -o "src/xttcps_rtc_example.o" "../src/xttcps_rtc_example.c"
Finished building: ../src/xttcps_rtc_example.c
 
Building target: timersbsp_xttcps_rtc_example_1.elf
Invoking: ARM v7 gcc linker
arm-none-eabi-gcc -mcpu=cortex-a9 -mfpu=vfpv3 -mfloat-abi=hard -Wl,-build-id=none -specs=Xilinx.spec -Wl,-T -Wl,../src/lscript.ld -L../../timersbsp/ps7_cortexa9_0/lib -o "timersbsp_xttcps_rtc_example_1.elf"  ./src/xttcps_rtc_example.o   -Wl,--start-group,-lxil,-lgcc,-lc,--end-group -Wl,--start-group,-lxilffs,-lxil,-lgcc,-lc,--end-group -Wl,--start-group,-lxil,-lmetal,-lopen_amp,-lgcc,-lc,--end-group -Wl,--start-group,-lxil,-lmetal,-lgcc,-lc,--end-group
Finished building target: timersbsp_xttcps_rtc_example_1.elf
 
Invoking: ARM v7 Print Size
arm-none-eabi-size timersbsp_xttcps_rtc_example_1.elf  |tee "timersbsp_xttcps_rtc_example_1.elf.size"
   text	   data	    bss	    dec	    hex	filename
  28372	   1968	  22616	  52956	   cedc	timersbsp_xttcps_rtc_example_1.elf
Finished building: timersbsp_xttcps_rtc_example_1.elf.size
 
22:56:01 **** Build of configuration Debug for project timersbsp_xttcps_tapp_example_1 ****
make pre-build main-build 
a9-linaro-pre-build-step
 
Building file: ../src/xttcps_tapp_example.c
Invoking: ARM v7 gcc compiler
arm-none-eabi-gcc -Wall -O0 -g3 -c -fmessage-length=0 -MT"src/xttcps_tapp_example.o" -mcpu=cortex-a9 -mfpu=vfpv3 -mfloat-abi=hard -I../../timersbsp/ps7_cortexa9_0/include -MMD -MP -MF"src/xttcps_tapp_example.d" -MT"src/xttcps_tapp_example.o" -o "src/xttcps_tapp_example.o" "../src/xttcps_tapp_example.c"
Finished building: ../src/xttcps_tapp_example.c
 
Building target: timersbsp_xttcps_tapp_example_1.elf
Invoking: ARM v7 gcc linker
arm-none-eabi-gcc -mcpu=cortex-a9 -mfpu=vfpv3 -mfloat-abi=hard -Wl,-build-id=none -specs=Xilinx.spec -Wl,-T -Wl,../src/lscript.ld -L../../timersbsp/ps7_cortexa9_0/lib -o "timersbsp_xttcps_tapp_example_1.elf"  ./src/xttcps_tapp_example.o   -Wl,--start-group,-lxil,-lgcc,-lc,--end-group -Wl,--start-group,-lxilffs,-lxil,-lgcc,-lc,--end-group -Wl,--start-group,-lxil,-lmetal,-lopen_amp,-lgcc,-lc,--end-group -Wl,--start-group,-lxil,-lmetal,-lgcc,-lc,--end-group
Finished building target: timersbsp_xttcps_tapp_example_1.elf
 
Invoking: ARM v7 Print Size
arm-none-eabi-size timersbsp_xttcps_tapp_example_1.elf  |tee "timersbsp_xttcps_tapp_example_1.elf.size"
   text	   data	    bss	    dec	    hex	filename
  28244	   1968	  22616	  52828	   ce5c	timersbsp_xttcps_tapp_example_1.elf
Finished building: timersbsp_xttcps_tapp_example_1.elf.size
 
